- button "Eks-Health" [ref=e2]
- button "Marketplace" [ref=e3]
- button "Timeline" [ref=e4]
- button "Settings" [ref=e5]
- button "Console" [ref=e6]
- button [ref=e7]
- button [ref=e8]
- heading "Welcome, Ama Serwaa" [level=1, ref=e9]
- button "Complete" [ref=e10]
- button "Complete" [ref=e11]
- button "Complete" [ref=e12]
- button "Complete" [ref=e13]
- button [ref=e14]
- button [ref=e15]
- button "Update" [ref=e16]
- button "Join Competition" [ref=e17]
- button "Record" [ref=e18]
- region "Notifications (F8)" [ref=e1]
